2026-08-14T00:07:50.400972Z  INFO herdr::logging: herdr starting event="app.startup" subsystem="client" outcome="started" pid=9067
2026-08-14T00:07:50.400990Z  INFO herdr::client: connecting to server path=/home/james/.config/herdr/herdr-client.sock
2026-08-14T00:07:50.442527Z  INFO herdr::client: handshake succeeded version=19 encoding=SemanticFrame
2026-08-14T00:12:43.983459Z  WARN herdr::raw_input: flushing lone escape after input timeout; if this follows an alt chord or focus switch it may reach the pane as plain esc bytes=[27]
2026-08-14T00:12:43.983508Z  WARN herdr::raw_input: flushing lone escape after input timeout; if this follows an alt chord or focus switch it may reach the pane as plain esc bytes=[27]
2026-08-14T00:13:41.776409Z  WARN herdr::raw_input: flushing lone escape after input timeout; if this follows an alt chord or focus switch it may reach the pane as plain esc bytes=[27]
2026-08-14T00:13:41.776447Z  WARN herdr::raw_input: flushing lone escape after input timeout; if this follows an alt chord or focus switch it may reach the pane as plain esc bytes=[27]
2026-08-14T00:22:40.244008Z  WARN herdr::raw_input: flushing lone escape after input timeout; if this follows an alt chord or focus switch it may reach the pane as plain esc bytes=[27]
2026-08-14T00:22:40.244157Z  WARN herdr::raw_input: flushing lone escape after input timeout; if this follows an alt chord or focus switch it may reach the pane as plain esc bytes=[27]
2026-08-14T00:23:43.142932Z  WARN herdr::raw_input: flushing lone escape after input timeout; if this follows an alt chord or focus switch it may reach the pane as plain esc bytes=[27]
2026-08-14T00:23:43.143084Z  WARN herdr::raw_input: flushing lone escape after input timeout; if this follows an alt chord or focus switch it may reach the pane as plain esc bytes=[27]
2026-08-14T00:23:47.068887Z  WARN herdr::raw_input: flushing lone escape after input timeout; if this follows an alt chord or focus switch it may reach the pane as plain esc bytes=[27]
2026-08-14T00:23:47.218915Z  WARN herdr::raw_input: flushing lone escape after input timeout; if this follows an alt chord or focus switch it may reach the pane as plain esc bytes=[27]
2026-08-14T00:23:47.219045Z  WARN herdr::raw_input: flushing lone escape after input timeout; if this follows an alt chord or focus switch it may reach the pane as plain esc bytes=[27]
2026-08-14T00:23:48.709388Z  WARN herdr::raw_input: flushing lone escape after input timeout; if this follows an alt chord or focus switch it may reach the pane as plain esc bytes=[27]
2026-08-14T00:23:48.709522Z  WARN herdr::raw_input: flushing lone escape after input timeout; if this follows an alt chord or focus switch it may reach the pane as plain esc bytes=[27]
2026-08-14T00:26:03.407873Z  WARN herdr::raw_input: flushing lone escape after input timeout; if this follows an alt chord or focus switch it may reach the pane as plain esc bytes=[27]
2026-08-14T00:26:03.407911Z  WARN herdr::raw_input: flushing lone escape after input timeout; if this follows an alt chord or focus switch it may reach the pane as plain esc bytes=[27]
2026-08-14T00:29:03.193295Z  WARN herdr::raw_input: flushing lone escape after input timeout; if this follows an alt chord or focus switch it may reach the pane as plain esc bytes=[27]
2026-08-14T00:29:03.193348Z  WARN herdr::raw_input: flushing lone escape after input timeout; if this follows an alt chord or focus switch it may reach the pane as plain esc bytes=[27]
2026-08-14T00:29:13.069085Z  WARN herdr::raw_input: flushing lone escape after input timeout; if this follows an alt chord or focus switch it may reach the pane as plain esc bytes=[27]
2026-08-14T00:29:13.069252Z  WARN herdr::raw_input: flushing lone escape after input timeout; if this follows an alt chord or focus switch it may reach the pane as plain esc bytes=[27]
2026-08-14T00:29:30.649730Z  WARN herdr::sound: sound playback failed sound=Done err=no mp3-capable audio player available: paplay failed: No such file or directory (os error 2); pw-play failed: No such file or directory (os error 2); ffplay failed: No such file or directory (os error 2); mpg123 failed: No such file or directory (os error 2); mpv failed: No such file or directory (os error 2)
2026-08-14T00:29:46.029331Z  WARN herdr::raw_input: flushing lone escape after input timeout; if this follows an alt chord or focus switch it may reach the pane as plain esc bytes=[27]
2026-08-14T00:29:46.029376Z  WARN herdr::raw_input: flushing lone escape after input timeout; if this follows an alt chord or focus switch it may reach the pane as plain esc bytes=[27]
2026-08-14T00:29:50.839499Z  WARN herdr::raw_input: flushing lone escape after input timeout; if this follows an alt chord or focus switch it may reach the pane as plain esc bytes=[27]
2026-08-14T00:29:50.839547Z  WARN herdr::raw_input: flushing lone escape after input timeout; if this follows an alt chord or focus switch it may reach the pane as plain esc bytes=[27]
2026-08-14T00:29:51.486131Z  WARN herdr::raw_input: flushing lone escape after input timeout; if this follows an alt chord or focus switch it may reach the pane as plain esc bytes=[27]
2026-08-14T00:29:51.486167Z  WARN herdr::raw_input: flushing lone escape after input timeout; if this follows an alt chord or focus switch it may reach the pane as plain esc bytes=[27]
2026-08-14T00:30:26.339971Z  WARN herdr::sound: sound playback failed sound=Done err=no mp3-capable audio player available: paplay failed: No such file or directory (os error 2); pw-play failed: No such file or directory (os error 2); ffplay failed: No such file or directory (os error 2); mpg123 failed: No such file or directory (os error 2); mpv failed: No such file or directory (os error 2)
2026-08-14T00:30:37.267623Z  WARN herdr::raw_input: flushing lone escape after input timeout; if this follows an alt chord or focus switch it may reach the pane as plain esc bytes=[27]
2026-08-14T00:30:37.267776Z  WARN herdr::raw_input: flushing lone escape after input timeout; if this follows an alt chord or focus switch it may reach the pane as plain esc bytes=[27]
2026-08-14T00:33:14.379443Z  WARN herdr::sound: sound playback failed sound=Done err=no mp3-capable audio player available: paplay failed: No such file or directory (os error 2); pw-play failed: No such file or directory (os error 2); ffplay failed: No such file or directory (os error 2); mpg123 failed: No such file or directory (os error 2); mpv failed: No such file or directory (os error 2)
2026-08-14T00:38:44.435681Z  WARN herdr::sound: sound playback failed sound=Done err=no mp3-capable audio player available: paplay failed: No such file or directory (os error 2); pw-play failed: No such file or directory (os error 2); ffplay failed: No such file or directory (os error 2); mpg123 failed: No such file or directory (os error 2); mpv failed: No such file or directory (os error 2)
2026-08-14T00:39:03.478416Z  WARN herdr::raw_input: flushing lone escape after input timeout; if this follows an alt chord or focus switch it may reach the pane as plain esc bytes=[27]
2026-08-14T00:39:03.478456Z  WARN herdr::raw_input: flushing lone escape after input timeout; if this follows an alt chord or focus switch it may reach the pane as plain esc bytes=[27]
2026-08-14T00:40:10.755432Z  WARN herdr::raw_input: flushing lone escape after input timeout; if this follows an alt chord or focus switch it may reach the pane as plain esc bytes=[27]
2026-08-14T00:40:10.755476Z  WARN herdr::raw_input: flushing lone escape after input timeout; if this follows an alt chord or focus switch it may reach the pane as plain esc bytes=[27]
2026-08-14T00:46:39.952758Z  WARN herdr::raw_input: flushing lone escape after input timeout; if this follows an alt chord or focus switch it may reach the pane as plain esc bytes=[27]
2026-08-14T00:46:39.952817Z  WARN herdr::raw_input: flushing lone escape after input timeout; if this follows an alt chord or focus switch it may reach the pane as plain esc bytes=[27]
2026-08-14T00:47:07.238573Z  WARN herdr::sound: sound playback failed sound=Done err=no mp3-capable audio player available: paplay failed: No such file or directory (os error 2); pw-play failed: No such file or directory (os error 2); ffplay failed: No such file or directory (os error 2); mpg123 failed: No such file or directory (os error 2); mpv failed: No such file or directory (os error 2)
2026-08-14T00:47:32.184051Z  WARN herdr::sound: sound playback failed sound=Done err=no mp3-capable audio player available: paplay failed: No such file or directory (os error 2); pw-play failed: No such file or directory (os error 2); ffplay failed: No such file or directory (os error 2); mpg123 failed: No such file or directory (os error 2); mpv failed: No such file or directory (os error 2)
2026-08-14T00:49:42.187407Z  WARN herdr::sound: sound playback failed sound=Done err=no mp3-capable audio player available: paplay failed: No such file or directory (os error 2); pw-play failed: No such file or directory (os error 2); ffplay failed: No such file or directory (os error 2); mpg123 failed: No such file or directory (os error 2); mpv failed: No such file or directory (os error 2)
2026-08-14T00:51:03.451598Z  WARN herdr::sound: sound playback failed sound=Done err=no mp3-capable audio player available: paplay failed: No such file or directory (os error 2); pw-play failed: No such file or directory (os error 2); ffplay failed: No such file or directory (os error 2); mpg123 failed: No such file or directory (os error 2); mpv failed: No such file or directory (os error 2)
2026-08-14T00:51:22.209641Z  WARN herdr::sound: sound playback failed sound=Done err=no mp3-capable audio player available: paplay failed: No such file or directory (os error 2); pw-play failed: No such file or directory (os error 2); ffplay failed: No such file or directory (os error 2); mpg123 failed: No such file or directory (os error 2); mpv failed: No such file or directory (os error 2)
2026-08-14T00:51:28.565143Z  WARN herdr::sound: sound playback failed sound=Done err=no mp3-capable audio player available: paplay failed: No such file or directory (os error 2); pw-play failed: No such file or directory (os error 2); ffplay failed: No such file or directory (os error 2); mpg123 failed: No such file or directory (os error 2); mpv failed: No such file or directory (os error 2)
2026-08-14T00:51:45.203379Z  WARN herdr::sound: sound playback failed sound=Done err=no mp3-capable audio player available: paplay failed: No such file or directory (os error 2); pw-play failed: No such file or directory (os error 2); ffplay failed: No such file or directory (os error 2); mpg123 failed: No such file or directory (os error 2); mpv failed: No such file or directory (os error 2)
2026-08-14T00:51:51.559133Z  WARN herdr::sound: sound playback failed sound=Done err=no mp3-capable audio player available: paplay failed: No such file or directory (os error 2); pw-play failed: No such file or directory (os error 2); ffplay failed: No such file or directory (os error 2); mpg123 failed: No such file or directory (os error 2); mpv failed: No such file or directory (os error 2)
2026-08-14T00:52:08.199384Z  WARN herdr::sound: sound playback failed sound=Done err=no mp3-capable audio player available: paplay failed: No such file or directory (os error 2); pw-play failed: No such file or directory (os error 2); ffplay failed: No such file or directory (os error 2); mpg123 failed: No such file or directory (os error 2); mpv failed: No such file or directory (os error 2)
2026-08-14T00:52:24.290131Z  WARN herdr::raw_input: flushing lone escape after input timeout; if this follows an alt chord or focus switch it may reach the pane as plain esc bytes=[27]
2026-08-14T00:52:24.290168Z  WARN herdr::raw_input: flushing lone escape after input timeout; if this follows an alt chord or focus switch it may reach the pane as plain esc bytes=[27]
2026-08-14T00:52:40.036161Z  WARN herdr::raw_input: flushing lone escape after input timeout; if this follows an alt chord or focus switch it may reach the pane as plain esc bytes=[27]
2026-08-14T00:52:40.036313Z  WARN herdr::raw_input: flushing lone escape after input timeout; if this follows an alt chord or focus switch it may reach the pane as plain esc bytes=[27]
2026-08-14T00:52:45.495165Z  WARN herdr::raw_input: flushing lone escape after input timeout; if this follows an alt chord or focus switch it may reach the pane as plain esc bytes=[27]
2026-08-14T00:52:45.495227Z  WARN herdr::raw_input: flushing lone escape after input timeout; if this follows an alt chord or focus switch it may reach the pane as plain esc bytes=[27]
2026-08-14T00:52:47.824379Z  WARN herdr::sound: sound playback failed sound=Done err=no mp3-capable audio player available: paplay failed: No such file or directory (os error 2); pw-play failed: No such file or directory (os error 2); ffplay failed: No such file or directory (os error 2); mpg123 failed: No such file or directory (os error 2); mpv failed: No such file or directory (os error 2)
2026-08-14T00:52:56.357496Z  WARN herdr::raw_input: flushing lone escape after input timeout; if this follows an alt chord or focus switch it may reach the pane as plain esc bytes=[27]
2026-08-14T00:52:56.357551Z  WARN herdr::raw_input: flushing lone escape after input timeout; if this follows an alt chord or focus switch it may reach the pane as plain esc bytes=[27]
2026-08-14T00:53:02.531370Z  WARN herdr::raw_input: flushing lone escape after input timeout; if this follows an alt chord or focus switch it may reach the pane as plain esc bytes=[27]
2026-08-14T00:53:02.531437Z  WARN herdr::raw_input: flushing lone escape after input timeout; if this follows an alt chord or focus switch it may reach the pane as plain esc bytes=[27]
2026-08-14T00:53:02.942440Z  WARN herdr::sound: sound playback failed sound=Done err=no mp3-capable audio player available: paplay failed: No such file or directory (os error 2); pw-play failed: No such file or directory (os error 2); ffplay failed: No such file or directory (os error 2); mpg123 failed: No such file or directory (os error 2); mpv failed: No such file or directory (os error 2)
2026-08-14T00:53:07.127862Z  WARN herdr::raw_input: flushing lone escape after input timeout; if this follows an alt chord or focus switch it may reach the pane as plain esc bytes=[27]
2026-08-14T00:53:07.127913Z  WARN herdr::raw_input: flushing lone escape after input timeout; if this follows an alt chord or focus switch it may reach the pane as plain esc bytes=[27]
2026-08-14T00:53:13.229999Z  WARN herdr::raw_input: flushing lone escape after input timeout; if this follows an alt chord or focus switch it may reach the pane as plain esc bytes=[27]
2026-08-14T00:53:13.230052Z  WARN herdr::raw_input: flushing lone escape after input timeout; if this follows an alt chord or focus switch it may reach the pane as plain esc bytes=[27]
2026-08-14T00:53:15.715998Z  WARN herdr::raw_input: flushing lone escape after input timeout; if this follows an alt chord or focus switch it may reach the pane as plain esc bytes=[27]
2026-08-14T00:53:15.716036Z  WARN herdr::raw_input: flushing lone escape after input timeout; if this follows an alt chord or focus switch it may reach the pane as plain esc bytes=[27]
2026-08-14T00:53:24.520220Z  WARN herdr::raw_input: flushing lone escape after input timeout; if this follows an alt chord or focus switch it may reach the pane as plain esc bytes=[27]
2026-08-14T00:53:24.520268Z  WARN herdr::raw_input: flushing lone escape after input timeout; if this follows an alt chord or focus switch it may reach the pane as plain esc bytes=[27]
2026-08-14T00:53:36.385349Z  WARN herdr::raw_input: flushing lone escape after input timeout; if this follows an alt chord or focus switch it may reach the pane as plain esc bytes=[27]
2026-08-14T00:53:36.385499Z  WARN herdr::raw_input: flushing lone escape after input timeout; if this follows an alt chord or focus switch it may reach the pane as plain esc bytes=[27]
2026-08-14T00:53:38.337757Z  WARN herdr::sound: sound playback failed sound=Done err=no mp3-capable audio player available: paplay failed: No such file or directory (os error 2); pw-play failed: No such file or directory (os error 2); ffplay failed: No such file or directory (os error 2); mpg123 failed: No such file or directory (os error 2); mpv failed: No such file or directory (os error 2)
2026-08-14T00:53:40.746818Z  WARN herdr::sound: sound playback failed sound=Done err=no mp3-capable audio player available: paplay failed: No such file or directory (os error 2); pw-play failed: No such file or directory (os error 2); ffplay failed: No such file or directory (os error 2); mpg123 failed: No such file or directory (os error 2); mpv failed: No such file or directory (os error 2)
2026-08-14T00:53:42.329844Z  WARN herdr::raw_input: flushing lone escape after input timeout; if this follows an alt chord or focus switch it may reach the pane as plain esc bytes=[27]
2026-08-14T00:53:42.329899Z  WARN herdr::raw_input: flushing lone escape after input timeout; if this follows an alt chord or focus switch it may reach the pane as plain esc bytes=[27]
2026-08-14T00:53:48.614518Z  WARN herdr::sound: sound playback failed sound=Done err=no mp3-capable audio player available: paplay failed: No such file or directory (os error 2); pw-play failed: No such file or directory (os error 2); ffplay failed: No such file or directory (os error 2); mpg123 failed: No such file or directory (os error 2); mpv failed: No such file or directory (os error 2)
2026-08-14T00:54:37.016382Z  WARN herdr::sound: sound playback failed sound=Done err=no mp3-capable audio player available: paplay failed: No such file or directory (os error 2); pw-play failed: No such file or directory (os error 2); ffplay failed: No such file or directory (os error 2); mpg123 failed: No such file or directory (os error 2); mpv failed: No such file or directory (os error 2)
2026-08-14T00:59:32.078287Z  WARN herdr::raw_input: flushing lone escape after input timeout; if this follows an alt chord or focus switch it may reach the pane as plain esc bytes=[27]
2026-08-14T00:59:36.383769Z  WARN herdr::raw_input: flushing lone escape after input timeout; if this follows an alt chord or focus switch it may reach the pane as plain esc bytes=[27]
2026-08-14T00:59:36.383807Z  WARN herdr::raw_input: flushing lone escape after input timeout; if this follows an alt chord or focus switch it may reach the pane as plain esc bytes=[27]
2026-08-14T00:59:40.540542Z  WARN herdr::raw_input: flushing lone escape after input timeout; if this follows an alt chord or focus switch it may reach the pane as plain esc bytes=[27]
2026-08-14T00:59:40.540596Z  WARN herdr::raw_input: flushing lone escape after input timeout; if this follows an alt chord or focus switch it may reach the pane as plain esc bytes=[27]
2026-08-14T00:59:53.699110Z  WARN herdr::sound: sound playback failed sound=Done err=no mp3-capable audio player available: paplay failed: No such file or directory (os error 2); pw-play failed: No such file or directory (os error 2); ffplay failed: No such file or directory (os error 2); mpg123 failed: No such file or directory (os error 2); mpv failed: No such file or directory (os error 2)
2026-08-14T01:00:05.795384Z  WARN herdr::sound: sound playback failed sound=Done err=no mp3-capable audio player available: paplay failed: No such file or directory (os error 2); pw-play failed: No such file or directory (os error 2); ffplay failed: No such file or directory (os error 2); mpg123 failed: No such file or directory (os error 2); mpv failed: No such file or directory (os error 2)
2026-08-14T01:02:35.400815Z  WARN herdr::raw_input: flushing lone escape after input timeout; if this follows an alt chord or focus switch it may reach the pane as plain esc bytes=[27]
2026-08-14T01:02:35.400852Z  WARN herdr::raw_input: flushing lone escape after input timeout; if this follows an alt chord or focus switch it may reach the pane as plain esc bytes=[27]
2026-08-14T01:04:26.965534Z  WARN herdr::raw_input: flushing lone escape after input timeout; if this follows an alt chord or focus switch it may reach the pane as plain esc bytes=[27]
2026-08-14T01:04:26.965692Z  WARN herdr::raw_input: flushing lone escape after input timeout; if this follows an alt chord or focus switch it may reach the pane as plain esc bytes=[27]
2026-08-14T01:04:29.310873Z  WARN herdr::raw_input: flushing lone escape after input timeout; if this follows an alt chord or focus switch it may reach the pane as plain esc bytes=[27]
2026-08-14T01:04:29.310926Z  WARN herdr::raw_input: flushing lone escape after input timeout; if this follows an alt chord or focus switch it may reach the pane as plain esc bytes=[27]
2026-08-14T01:04:40.086145Z  WARN herdr::sound: sound playback failed sound=Done err=no mp3-capable audio player available: paplay failed: No such file or directory (os error 2); pw-play failed: No such file or directory (os error 2); ffplay failed: No such file or directory (os error 2); mpg123 failed: No such file or directory (os error 2); mpv failed: No such file or directory (os error 2)
2026-08-14T01:04:47.951535Z  WARN herdr::sound: sound playback failed sound=Done err=no mp3-capable audio player available: paplay failed: No such file or directory (os error 2); pw-play failed: No such file or directory (os error 2); ffplay failed: No such file or directory (os error 2); mpg123 failed: No such file or directory (os error 2); mpv failed: No such file or directory (os error 2)
2026-08-14T01:04:55.508407Z  WARN herdr::sound: sound playback failed sound=Done err=no mp3-capable audio player available: paplay failed: No such file or directory (os error 2); pw-play failed: No such file or directory (os error 2); ffplay failed: No such file or directory (os error 2); mpg123 failed: No such file or directory (os error 2); mpv failed: No such file or directory (os error 2)
2026-08-14T01:06:40.224449Z  WARN herdr::raw_input: flushing lone escape after input timeout; if this follows an alt chord or focus switch it may reach the pane as plain esc bytes=[27]
2026-08-14T01:06:40.374433Z  WARN herdr::raw_input: flushing lone escape after input timeout; if this follows an alt chord or focus switch it may reach the pane as plain esc bytes=[27]
2026-08-14T01:06:40.374585Z  WARN herdr::raw_input: flushing lone escape after input timeout; if this follows an alt chord or focus switch it may reach the pane as plain esc bytes=[27]
2026-08-14T01:09:36.875796Z  WARN herdr::sound: sound playback failed sound=Done err=no mp3-capable audio player available: paplay failed: No such file or directory (os error 2); pw-play failed: No such file or directory (os error 2); ffplay failed: No such file or directory (os error 2); mpg123 failed: No such file or directory (os error 2); mpv failed: No such file or directory (os error 2)
2026-08-14T01:14:44.210979Z  WARN herdr::raw_input: flushing lone escape after input timeout; if this follows an alt chord or focus switch it may reach the pane as plain esc bytes=[27]
2026-08-14T01:14:44.211023Z  WARN herdr::raw_input: flushing lone escape after input timeout; if this follows an alt chord or focus switch it may reach the pane as plain esc bytes=[27]
2026-08-14T01:14:55.622593Z  WARN herdr::raw_input: flushing lone escape after input timeout; if this follows an alt chord or focus switch it may reach the pane as plain esc bytes=[27]
2026-08-14T01:14:55.622631Z  WARN herdr::raw_input: flushing lone escape after input timeout; if this follows an alt chord or focus switch it may reach the pane as plain esc bytes=[27]
2026-08-14T01:15:15.217965Z  WARN herdr::sound: sound playback failed sound=Done err=no mp3-capable audio player available: paplay failed: No such file or directory (os error 2); pw-play failed: No such file or directory (os error 2); ffplay failed: No such file or directory (os error 2); mpg123 failed: No such file or directory (os error 2); mpv failed: No such file or directory (os error 2)
2026-08-14T01:17:02.605299Z  WARN herdr::sound: sound playback failed sound=Done err=no mp3-capable audio player available: paplay failed: No such file or directory (os error 2); pw-play failed: No such file or directory (os error 2); ffplay failed: No such file or directory (os error 2); mpg123 failed: No such file or directory (os error 2); mpv failed: No such file or directory (os error 2)
2026-08-14T01:17:09.257765Z  WARN herdr::sound: sound playback failed sound=Done err=no mp3-capable audio player available: paplay failed: No such file or directory (os error 2); pw-play failed: No such file or directory (os error 2); ffplay failed: No such file or directory (os error 2); mpg123 failed: No such file or directory (os error 2); mpv failed: No such file or directory (os error 2)
2026-08-14T01:17:17.600951Z  WARN herdr::raw_input: flushing lone escape after input timeout; if this follows an alt chord or focus switch it may reach the pane as plain esc bytes=[27]
2026-08-14T01:17:17.600996Z  WARN herdr::raw_input: flushing lone escape after input timeout; if this follows an alt chord or focus switch it may reach the pane as plain esc bytes=[27]
2026-08-14T01:17:21.086410Z  WARN herdr::raw_input: flushing lone escape after input timeout; if this follows an alt chord or focus switch it may reach the pane as plain esc bytes=[27]
2026-08-14T01:17:21.086451Z  WARN herdr::raw_input: flushing lone escape after input timeout; if this follows an alt chord or focus switch it may reach the pane as plain esc bytes=[27]
2026-08-14T01:17:36.781135Z  WARN herdr::sound: sound playback failed sound=Done err=no mp3-capable audio player available: paplay failed: No such file or directory (os error 2); pw-play failed: No such file or directory (os error 2); ffplay failed: No such file or directory (os error 2); mpg123 failed: No such file or directory (os error 2); mpv failed: No such file or directory (os error 2)
2026-08-14T01:17:38.939456Z  WARN herdr::raw_input: flushing lone escape after input timeout; if this follows an alt chord or focus switch it may reach the pane as plain esc bytes=[27]
2026-08-14T01:17:39.089603Z  WARN herdr::raw_input: flushing lone escape after input timeout; if this follows an alt chord or focus switch it may reach the pane as plain esc bytes=[27]
2026-08-14T01:17:39.089637Z  WARN herdr::raw_input: flushing lone escape after input timeout; if this follows an alt chord or focus switch it may reach the pane as plain esc bytes=[27]
2026-08-14T01:17:39.276834Z  WARN herdr::raw_input: flushing lone escape after input timeout; if this follows an alt chord or focus switch it may reach the pane as plain esc bytes=[27]
2026-08-14T01:17:39.276867Z  WARN herdr::raw_input: flushing lone escape after input timeout; if this follows an alt chord or focus switch it may reach the pane as plain esc bytes=[27]
2026-08-14T01:17:40.625545Z  WARN herdr::raw_input: flushing lone escape after input timeout; if this follows an alt chord or focus switch it may reach the pane as plain esc bytes=[27]
2026-08-14T01:17:40.625605Z  WARN herdr::raw_input: flushing lone escape after input timeout; if this follows an alt chord or focus switch it may reach the pane as plain esc bytes=[27]
2026-08-14T01:18:52.884882Z  WARN herdr::sound: sound playback failed sound=Done err=no mp3-capable audio player available: paplay failed: No such file or directory (os error 2); pw-play failed: No such file or directory (os error 2); ffplay failed: No such file or directory (os error 2); mpg123 failed: No such file or directory (os error 2); mpv failed: No such file or directory (os error 2)
2026-08-14T01:21:04.840440Z  WARN herdr::raw_input: flushing lone escape after input timeout; if this follows an alt chord or focus switch it may reach the pane as plain esc bytes=[27]
2026-08-14T01:21:04.840480Z  WARN herdr::raw_input: flushing lone escape after input timeout; if this follows an alt chord or focus switch it may reach the pane as plain esc bytes=[27]
2026-08-14T01:35:27.311641Z  WARN herdr::raw_input: flushing lone escape after input timeout; if this follows an alt chord or focus switch it may reach the pane as plain esc bytes=[27]
2026-08-14T01:35:27.311702Z  WARN herdr::raw_input: flushing lone escape after input timeout; if this follows an alt chord or focus switch it may reach the pane as plain esc bytes=[27]
2026-08-14T01:36:17.687230Z  WARN herdr::sound: sound playback failed sound=Done err=no mp3-capable audio player available: paplay failed: No such file or directory (os error 2); pw-play failed: No such file or directory (os error 2); ffplay failed: No such file or directory (os error 2); mpg123 failed: No such file or directory (os error 2); mpv failed: No such file or directory (os error 2)
2026-08-14T01:36:41.848664Z  WARN herdr::sound: sound playback failed sound=Done err=no mp3-capable audio player available: paplay failed: No such file or directory (os error 2); pw-play failed: No such file or directory (os error 2); ffplay failed: No such file or directory (os error 2); mpg123 failed: No such file or directory (os error 2); mpv failed: No such file or directory (os error 2)
2026-08-14T01:36:54.865724Z  WARN herdr::sound: sound playback failed sound=Done err=no mp3-capable audio player available: paplay failed: No such file or directory (os error 2); pw-play failed: No such file or directory (os error 2); ffplay failed: No such file or directory (os error 2); mpg123 failed: No such file or directory (os error 2); mpv failed: No such file or directory (os error 2)
2026-08-14T01:37:46.251348Z  WARN herdr::sound: sound playback failed sound=Done err=no mp3-capable audio player available: paplay failed: No such file or directory (os error 2); pw-play failed: No such file or directory (os error 2); ffplay failed: No such file or directory (os error 2); mpg123 failed: No such file or directory (os error 2); mpv failed: No such file or directory (os error 2)
2026-08-14T01:39:59.202707Z  WARN herdr::sound: sound playback failed sound=Done err=no mp3-capable audio player available: paplay failed: No such file or directory (os error 2); pw-play failed: No such file or directory (os error 2); ffplay failed: No such file or directory (os error 2); mpg123 failed: No such file or directory (os error 2); mpv failed: No such file or directory (os error 2)
2026-08-14T01:40:06.159927Z  WARN herdr::sound: sound playback failed sound=Done err=no mp3-capable audio player available: paplay failed: No such file or directory (os error 2); pw-play failed: No such file or directory (os error 2); ffplay failed: No such file or directory (os error 2); mpg123 failed: No such file or directory (os error 2); mpv failed: No such file or directory (os error 2)
2026-08-14T01:40:25.827812Z  WARN herdr::sound: sound playback failed sound=Done err=no mp3-capable audio player available: paplay failed: No such file or directory (os error 2); pw-play failed: No such file or directory (os error 2); ffplay failed: No such file or directory (os error 2); mpg123 failed: No such file or directory (os error 2); mpv failed: No such file or directory (os error 2)
2026-08-14T01:40:37.321168Z  WARN herdr::sound: sound playback failed sound=Done err=no mp3-capable audio player available: paplay failed: No such file or directory (os error 2); pw-play failed: No such file or directory (os error 2); ffplay failed: No such file or directory (os error 2); mpg123 failed: No such file or directory (os error 2); mpv failed: No such file or directory (os error 2)
2026-08-14T01:42:22.626342Z  WARN herdr::sound: sound playback failed sound=Done err=no mp3-capable audio player available: paplay failed: No such file or directory (os error 2); pw-play failed: No such file or directory (os error 2); ffplay failed: No such file or directory (os error 2); mpg123 failed: No such file or directory (os error 2); mpv failed: No such file or directory (os error 2)
2026-08-14T01:45:46.527940Z  WARN herdr::sound: sound playback failed sound=Done err=no mp3-capable audio player available: paplay failed: No such file or directory (os error 2); pw-play failed: No such file or directory (os error 2); ffplay failed: No such file or directory (os error 2); mpg123 failed: No such file or directory (os error 2); mpv failed: No such file or directory (os error 2)
2026-08-14T01:46:26.171620Z  WARN herdr::sound: sound playback failed sound=Done err=no mp3-capable audio player available: paplay failed: No such file or directory (os error 2); pw-play failed: No such file or directory (os error 2); ffplay failed: No such file or directory (os error 2); mpg123 failed: No such file or directory (os error 2); mpv failed: No such file or directory (os error 2)
2026-08-14T01:47:33.590664Z  WARN herdr::sound: sound playback failed sound=Done err=no mp3-capable audio player available: paplay failed: No such file or directory (os error 2); pw-play failed: No such file or directory (os error 2); ffplay failed: No such file or directory (os error 2); mpg123 failed: No such file or directory (os error 2); mpv failed: No such file or directory (os error 2)
2026-08-14T01:48:36.283351Z  WARN herdr::raw_input: flushing lone escape after input timeout; if this follows an alt chord or focus switch it may reach the pane as plain esc bytes=[27]
2026-08-14T01:48:45.767363Z  WARN herdr::raw_input: flushing lone escape after input timeout; if this follows an alt chord or focus switch it may reach the pane as plain esc bytes=[27]
2026-08-14T01:48:45.767514Z  WARN herdr::raw_input: flushing lone escape after input timeout; if this follows an alt chord or focus switch it may reach the pane as plain esc bytes=[27]
2026-08-14T01:48:51.359946Z  WARN herdr::raw_input: flushing lone escape after input timeout; if this follows an alt chord or focus switch it may reach the pane as plain esc bytes=[27]
2026-08-14T01:48:51.360008Z  WARN herdr::raw_input: flushing lone escape after input timeout; if this follows an alt chord or focus switch it may reach the pane as plain esc bytes=[27]
2026-08-14T01:51:34.390983Z  WARN herdr::raw_input: flushing lone escape after input timeout; if this follows an alt chord or focus switch it may reach the pane as plain esc bytes=[27]
2026-08-14T01:51:34.391036Z  WARN herdr::raw_input: flushing lone escape after input timeout; if this follows an alt chord or focus switch it may reach the pane as plain esc bytes=[27]
2026-08-14T01:54:40.025152Z  WARN herdr::raw_input: flushing lone escape after input timeout; if this follows an alt chord or focus switch it may reach the pane as plain esc bytes=[27]
2026-08-14T01:54:40.257301Z  WARN herdr::raw_input: flushing lone escape after input timeout; if this follows an alt chord or focus switch it may reach the pane as plain esc bytes=[27]
2026-08-14T01:54:40.320680Z  WARN herdr::raw_input: flushing lone escape after input timeout; if this follows an alt chord or focus switch it may reach the pane as plain esc bytes=[27]
2026-08-14T01:54:40.643056Z  WARN herdr::raw_input: flushing lone escape after input timeout; if this follows an alt chord or focus switch it may reach the pane as plain esc bytes=[27]
2026-08-14T01:54:40.643202Z  WARN herdr::raw_input: flushing lone escape after input timeout; if this follows an alt chord or focus switch it may reach the pane as plain esc bytes=[27]
2026-08-14T02:00:11.991553Z  WARN herdr::sound: sound playback failed sound=Done err=no mp3-capable audio player available: paplay failed: No such file or directory (os error 2); pw-play failed: No such file or directory (os error 2); ffplay failed: No such file or directory (os error 2); mpg123 failed: No such file or directory (os error 2); mpv failed: No such file or directory (os error 2)
2026-08-14T02:00:21.066209Z  WARN herdr::sound: sound playback failed sound=Done err=no mp3-capable audio player available: paplay failed: No such file or directory (os error 2); pw-play failed: No such file or directory (os error 2); ffplay failed: No such file or directory (os error 2); mpg123 failed: No such file or directory (os error 2); mpv failed: No such file or directory (os error 2)
2026-08-14T02:00:33.780850Z  WARN herdr::sound: sound playback failed sound=Done err=no mp3-capable audio player available: paplay failed: No such file or directory (os error 2); pw-play failed: No such file or directory (os error 2); ffplay failed: No such file or directory (os error 2); mpg123 failed: No such file or directory (os error 2); mpv failed: No such file or directory (os error 2)
2026-08-14T23:15:48.935920Z  INFO herdr::logging: herdr starting event="app.startup" subsystem="client" outcome="started" pid=1145760
2026-08-14T23:15:48.936726Z  INFO herdr::client: connecting to server path=/home/james/.config/herdr/herdr-client.sock
2026-08-14T23:15:49.044446Z  INFO herdr::client: handshake succeeded version=19 encoding=SemanticFrame
2026-08-15T01:05:01.531038Z  INFO herdr::logging: herdr starting event="app.startup" subsystem="client" outcome="started" pid=1223188
2026-08-15T01:05:01.531060Z  INFO herdr::client: connecting to server path=/home/james/.config/herdr/herdr-client.sock
2026-08-15T01:05:01.542342Z  INFO herdr::client: handshake succeeded version=19 encoding=SemanticFrame
2026-08-15T14:56:10.792886Z  WARN herdr::raw_input: flushing lone escape after input timeout; if this follows an alt chord or focus switch it may reach the pane as plain esc bytes=[27]
2026-08-15T14:56:10.792936Z  WARN herdr::raw_input: flushing lone escape after input timeout; if this follows an alt chord or focus switch it may reach the pane as plain esc bytes=[27]
2026-08-15T14:58:13.280721Z  WARN herdr::raw_input: flushing lone escape after input timeout; if this follows an alt chord or focus switch it may reach the pane as plain esc bytes=[27]
2026-08-15T14:58:13.280775Z  WARN herdr::raw_input: flushing lone escape after input timeout; if this follows an alt chord or focus switch it may reach the pane as plain esc bytes=[27]
2026-08-15T14:58:16.347860Z  WARN herdr::raw_input: flushing lone escape after input timeout; if this follows an alt chord or focus switch it may reach the pane as plain esc bytes=[27]
2026-08-15T14:58:16.347912Z  WARN herdr::raw_input: flushing lone escape after input timeout; if this follows an alt chord or focus switch it may reach the pane as plain esc bytes=[27]
2026-08-15T14:58:17.993337Z  WARN herdr::raw_input: flushing lone escape after input timeout; if this follows an alt chord or focus switch it may reach the pane as plain esc bytes=[27]
2026-08-15T14:58:17.993381Z  WARN herdr::raw_input: flushing lone escape after input timeout; if this follows an alt chord or focus switch it may reach the pane as plain esc bytes=[27]
2026-08-15T14:58:37.880819Z  WARN herdr::raw_input: flushing lone escape after input timeout; if this follows an alt chord or focus switch it may reach the pane as plain esc bytes=[27]
2026-08-15T14:58:37.880860Z  WARN herdr::raw_input: flushing lone escape after input timeout; if this follows an alt chord or focus switch it may reach the pane as plain esc bytes=[27]
